  Determining projects to restore...
  All projects are up-to-date for restore.
/data/MyWebTemplateV2Blazor/MyWebTemplateV2/MyWebTemplateV2.Client/SaaSUI/Pages/Home.razor(11,13): warning RZ10012: Found markup element with unexpected name 'LucideSparkles'. If this is intended to be a component, add a @using directive for its namespace. [/data/MyWebTemplateV2Blazor/MyWebTemplateV2/MyWebTemplateV2.Client/MyWebTemplateV2.Client.csproj]
/data/MyWebTemplateV2Blazor/MyWebTemplateV2/MyWebTemplateV2.Client/SaaSUI/Pages/Home.razor(29,17): warning RZ10012: Found markup element with unexpected name 'LucideArrowRight'. If this is intended to be a component, add a @using directive for its namespace. [/data/MyWebTemplateV2Blazor/MyWebTemplateV2/MyWebTemplateV2.Client/MyWebTemplateV2.Client.csproj]
/data/MyWebTemplateV2Blazor/MyWebTemplateV2/MyWebTemplateV2.Client/SaaSUI/Pages/Home.razor(47,29): warning RZ10012: Found markup element with unexpected name 'LucideLayout'. If this is intended to be a component, add a @using directive for its namespace. [/data/MyWebTemplateV2Blazor/MyWebTemplateV2/MyWebTemplateV2.Client/MyWebTemplateV2.Client.csproj]
/data/MyWebTemplateV2Blazor/MyWebTemplateV2/MyWebTemplateV2.Client/SaaSUI/Pages/Home.razor(51,29): warning RZ10012: Found markup element with unexpected name 'LucideDatabase'. If this is intended to be a component, add a @using directive for its namespace. [/data/MyWebTemplateV2Blazor/MyWebTemplateV2/MyWebTemplateV2.Client/MyWebTemplateV2.Client.csproj]
/data/MyWebTemplateV2Blazor/MyWebTemplateV2/MyWebTemplateV2.Client/SaaSUI/Pages/Home.razor(55,29): warning RZ10012: Found markup element with unexpected name 'LucideCpu'. If this is intended to be a component, add a @using directive for its namespace. [/data/MyWebTemplateV2Blazor/MyWebTemplateV2/MyWebTemplateV2.Client/MyWebTemplateV2.Client.csproj]
/data/MyWebTemplateV2Blazor/MyWebTemplateV2/MyWebTemplateV2.Client/SaaSUI/Pages/Home.razor(59,29): warning RZ10012: Found markup element with unexpected name 'LucideZap'. If this is intended to be a component, add a @using directive for its namespace. [/data/MyWebTemplateV2Blazor/MyWebTemplateV2/MyWebTemplateV2.Client/MyWebTemplateV2.Client.csproj]
/data/MyWebTemplateV2Blazor/MyWebTemplateV2/MyWebTemplateV2.Client/SaaSUI/Pages/Home.razor(78,21): warning RZ10012: Found markup element with unexpected name 'LucideZap'. If this is intended to be a component, add a @using directive for its namespace. [/data/MyWebTemplateV2Blazor/MyWebTemplateV2/MyWebTemplateV2.Client/MyWebTemplateV2.Client.csproj]
/data/MyWebTemplateV2Blazor/MyWebTemplateV2/MyWebTemplateV2.Client/SaaSUI/Pages/Home.razor(90,21): warning RZ10012: Found markup element with unexpected name 'LucidePalette'. If this is intended to be a component, add a @using directive for its namespace. [/data/MyWebTemplateV2Blazor/MyWebTemplateV2/MyWebTemplateV2.Client/MyWebTemplateV2.Client.csproj]
/data/MyWebTemplateV2Blazor/MyWebTemplateV2/MyWebTemplateV2.Client/SaaSUI/Pages/Home.razor(102,21): warning RZ10012: Found markup element with unexpected name 'LucideSmartphone'. If this is intended to be a component, add a @using directive for its namespace. [/data/MyWebTemplateV2Blazor/MyWebTemplateV2/MyWebTemplateV2.Client/MyWebTemplateV2.Client.csproj]
/data/MyWebTemplateV2Blazor/MyWebTemplateV2/MyWebTemplateV2.Client/SaaSUI/Pages/Home.razor(118,18): warning RZ10012: Found markup element with unexpected name 'LucideNetwork'. If this is intended to be a component, add a @using directive for its namespace. [/data/MyWebTemplateV2Blazor/MyWebTemplateV2/MyWebTemplateV2.Client/MyWebTemplateV2.Client.csproj]
/data/MyWebTemplateV2Blazor/MyWebTemplateV2/MyWebTemplateV2.Client/SaaSUI/Pages/Home.razor(152,17): warning RZ10012: Found markup element with unexpected name 'LucideRocket'. If this is intended to be a component, add a @using directive for its namespace. [/data/MyWebTemplateV2Blazor/MyWebTemplateV2/MyWebTemplateV2.Client/MyWebTemplateV2.Client.csproj]
/data/MyWebTemplateV2Blazor/MyWebTemplateV2/MyWebTemplateV2.Client/SaaSUI/Layout/MainLayout.razor(13,25): warning RZ10012: Found markup element with unexpected name 'LucideActivity'. If this is intended to be a component, add a @using directive for its namespace. [/data/MyWebTemplateV2Blazor/MyWebTemplateV2/MyWebTemplateV2.Client/MyWebTemplateV2.Client.csproj]
/data/MyWebTemplateV2Blazor/MyWebTemplateV2/MyWebTemplateV2.Client/SaaSUI/Layout/MainLayout.razor(26,25): warning RZ10012: Found markup element with unexpected name 'LucideUser'. If this is intended to be a component, add a @using directive for its namespace. [/data/MyWebTemplateV2Blazor/MyWebTemplateV2/MyWebTemplateV2.Client/MyWebTemplateV2.Client.csproj]
/data/MyWebTemplateV2Blazor/MyWebTemplateV2/MyWebTemplateV2.Client/SaaSUI/Layout/MainLayout.razor(42,5): warning RZ10012: Found markup element with unexpected name 'ContainerPortalHost'. If this is intended to be a component, add a @using directive for its namespace. [/data/MyWebTemplateV2Blazor/MyWebTemplateV2/MyWebTemplateV2.Client/MyWebTemplateV2.Client.csproj]
/data/MyWebTemplateV2Blazor/MyWebTemplateV2/MyWebTemplateV2.Client/SaaSUI/Layout/MainLayout.razor(43,5): warning RZ10012: Found markup element with unexpected name 'OverlayPortalHost'. If this is intended to be a component, add a @using directive for its namespace. [/data/MyWebTemplateV2Blazor/MyWebTemplateV2/MyWebTemplateV2.Client/MyWebTemplateV2.Client.csproj]
/data/MyWebTemplateV2Blazor/MyWebTemplateV2/MyWebTemplateV2.Client/Program.cs(6,18): error CS1061: 'IServiceCollection' does not contain a definition for 'AddNeoUIComponents' and no accessible extension method 'AddNeoUIComponents' accepting a first argument of type 'IServiceCollection' could be found (are you missing a using directive or an assembly reference?) [/data/MyWebTemplateV2Blazor/MyWebTemplateV2/MyWebTemplateV2.Client/MyWebTemplateV2.Client.csproj]

Build FAILED.

/data/MyWebTemplateV2Blazor/MyWebTemplateV2/MyWebTemplateV2.Client/SaaSUI/Pages/Home.razor(11,13): warning RZ10012: Found markup element with unexpected name 'LucideSparkles'. If this is intended to be a component, add a @using directive for its namespace. [/data/MyWebTemplateV2Blazor/MyWebTemplateV2/MyWebTemplateV2.Client/MyWebTemplateV2.Client.csproj]
/data/MyWebTemplateV2Blazor/MyWebTemplateV2/MyWebTemplateV2.Client/SaaSUI/Pages/Home.razor(29,17): warning RZ10012: Found markup element with unexpected name 'LucideArrowRight'. If this is intended to be a component, add a @using directive for its namespace. [/data/MyWebTemplateV2Blazor/MyWebTemplateV2/MyWebTemplateV2.Client/MyWebTemplateV2.Client.csproj]
/data/MyWebTemplateV2Blazor/MyWebTemplateV2/MyWebTemplateV2.Client/SaaSUI/Pages/Home.razor(47,29): warning RZ10012: Found markup element with unexpected name 'LucideLayout'. If this is intended to be a component, add a @using directive for its namespace. [/data/MyWebTemplateV2Blazor/MyWebTemplateV2/MyWebTemplateV2.Client/MyWebTemplateV2.Client.csproj]
/data/MyWebTemplateV2Blazor/MyWebTemplateV2/MyWebTemplateV2.Client/SaaSUI/Pages/Home.razor(51,29): warning RZ10012: Found markup element with unexpected name 'LucideDatabase'. If this is intended to be a component, add a @using directive for its namespace. [/data/MyWebTemplateV2Blazor/MyWebTemplateV2/MyWebTemplateV2.Client/MyWebTemplateV2.Client.csproj]
/data/MyWebTemplateV2Blazor/MyWebTemplateV2/MyWebTemplateV2.Client/SaaSUI/Pages/Home.razor(55,29): warning RZ10012: Found markup element with unexpected name 'LucideCpu'. If this is intended to be a component, add a @using directive for its namespace. [/data/MyWebTemplateV2Blazor/MyWebTemplateV2/MyWebTemplateV2.Client/MyWebTemplateV2.Client.csproj]
/data/MyWebTemplateV2Blazor/MyWebTemplateV2/MyWebTemplateV2.Client/SaaSUI/Pages/Home.razor(59,29): warning RZ10012: Found markup element with unexpected name 'LucideZap'. If this is intended to be a component, add a @using directive for its namespace. [/data/MyWebTemplateV2Blazor/MyWebTemplateV2/MyWebTemplateV2.Client/MyWebTemplateV2.Client.csproj]
/data/MyWebTemplateV2Blazor/MyWebTemplateV2/MyWebTemplateV2.Client/SaaSUI/Pages/Home.razor(78,21): warning RZ10012: Found markup element with unexpected name 'LucideZap'. If this is intended to be a component, add a @using directive for its namespace. [/data/MyWebTemplateV2Blazor/MyWebTemplateV2/MyWebTemplateV2.Client/MyWebTemplateV2.Client.csproj]
/data/MyWebTemplateV2Blazor/MyWebTemplateV2/MyWebTemplateV2.Client/SaaSUI/Pages/Home.razor(90,21): warning RZ10012: Found markup element with unexpected name 'LucidePalette'. If this is intended to be a component, add a @using directive for its namespace. [/data/MyWebTemplateV2Blazor/MyWebTemplateV2/MyWebTemplateV2.Client/MyWebTemplateV2.Client.csproj]
/data/MyWebTemplateV2Blazor/MyWebTemplateV2/MyWebTemplateV2.Client/SaaSUI/Pages/Home.razor(102,21): warning RZ10012: Found markup element with unexpected name 'LucideSmartphone'. If this is intended to be a component, add a @using directive for its namespace. [/data/MyWebTemplateV2Blazor/MyWebTemplateV2/MyWebTemplateV2.Client/MyWebTemplateV2.Client.csproj]
/data/MyWebTemplateV2Blazor/MyWebTemplateV2/MyWebTemplateV2.Client/SaaSUI/Pages/Home.razor(118,18): warning RZ10012: Found markup element with unexpected name 'LucideNetwork'. If this is intended to be a component, add a @using directive for its namespace. [/data/MyWebTemplateV2Blazor/MyWebTemplateV2/MyWebTemplateV2.Client/MyWebTemplateV2.Client.csproj]
/data/MyWebTemplateV2Blazor/MyWebTemplateV2/MyWebTemplateV2.Client/SaaSUI/Pages/Home.razor(152,17): warning RZ10012: Found markup element with unexpected name 'LucideRocket'. If this is intended to be a component, add a @using directive for its namespace. [/data/MyWebTemplateV2Blazor/MyWebTemplateV2/MyWebTemplateV2.Client/MyWebTemplateV2.Client.csproj]
/data/MyWebTemplateV2Blazor/MyWebTemplateV2/MyWebTemplateV2.Client/SaaSUI/Layout/MainLayout.razor(13,25): warning RZ10012: Found markup element with unexpected name 'LucideActivity'. If this is intended to be a component, add a @using directive for its namespace. [/data/MyWebTemplateV2Blazor/MyWebTemplateV2/MyWebTemplateV2.Client/MyWebTemplateV2.Client.csproj]
/data/MyWebTemplateV2Blazor/MyWebTemplateV2/MyWebTemplateV2.Client/SaaSUI/Layout/MainLayout.razor(26,25): warning RZ10012: Found markup element with unexpected name 'LucideUser'. If this is intended to be a component, add a @using directive for its namespace. [/data/MyWebTemplateV2Blazor/MyWebTemplateV2/MyWebTemplateV2.Client/MyWebTemplateV2.Client.csproj]
/data/MyWebTemplateV2Blazor/MyWebTemplateV2/MyWebTemplateV2.Client/SaaSUI/Layout/MainLayout.razor(42,5): warning RZ10012: Found markup element with unexpected name 'ContainerPortalHost'. If this is intended to be a component, add a @using directive for its namespace. [/data/MyWebTemplateV2Blazor/MyWebTemplateV2/MyWebTemplateV2.Client/MyWebTemplateV2.Client.csproj]
/data/MyWebTemplateV2Blazor/MyWebTemplateV2/MyWebTemplateV2.Client/SaaSUI/Layout/MainLayout.razor(43,5): warning RZ10012: Found markup element with unexpected name 'OverlayPortalHost'. If this is intended to be a component, add a @using directive for its namespace. [/data/MyWebTemplateV2Blazor/MyWebTemplateV2/MyWebTemplateV2.Client/MyWebTemplateV2.Client.csproj]
/data/MyWebTemplateV2Blazor/MyWebTemplateV2/MyWebTemplateV2.Client/Program.cs(6,18): error CS1061: 'IServiceCollection' does not contain a definition for 'AddNeoUIComponents' and no accessible extension method 'AddNeoUIComponents' accepting a first argument of type 'IServiceCollection' could be found (are you missing a using directive or an assembly reference?) [/data/MyWebTemplateV2Blazor/MyWebTemplateV2/MyWebTemplateV2.Client/MyWebTemplateV2.Client.csproj]
    15 Warning(s)
    1 Error(s)

Time Elapsed 00:00:02.50
